2025-03-18 08:02:55.645 [main] INFO  cn.ace.xiaohashu.auth.RedisTests - Starting RedisTests using Java 17.0.12 with PID 17864 (started by 89504 in E:\programming_projects\xiaohashu\xiaohashu-auth)
2025-03-18 08:02:55.647 [main] INFO  cn.ace.xiaohashu.auth.RedisTests - The following 1 profile is active: "dev"
2025-03-18 08:02:56.284 [main] INFO  o.s.d.r.config.RepositoryConfigurationDelegate - Multiple Spring Data modules found, entering strict repository configuration mode
2025-03-18 08:02:56.287 [main] INFO  o.s.d.r.config.RepositoryConfigurationDelegate - Bootstrapping Spring Data Redis repositories in DEFAULT mode.
2025-03-18 08:02:56.322 [main] INFO  o.s.d.r.config.RepositoryConfigurationDelegate - Finished Spring Data repository scanning in 11 ms. Found 0 Redis repository interfaces.
2025-03-18 08:02:57.696 [main] INFO  c.a.d.s.b.a.DruidDataSourceAutoConfigure - Init DruidDataSource
2025-03-18 08:02:58.199 [main] INFO  com.alibaba.druid.pool.DruidDataSource - {dataSource-1} inited
2025-03-18 08:02:58.612 [main] INFO  cn.ace.xiaohashu.auth.RedisTests - Started RedisTests in 3.358 seconds (process running for 4.335)
2025-03-18 08:02:59.526 [SpringApplicationShutdownHook] INFO  com.alibaba.druid.pool.DruidDataSource - {dataSource-1} closing ...
2025-03-18 08:02:59.536 [SpringApplicationShutdownHook] INFO  com.alibaba.druid.pool.DruidDataSource - {dataSource-1} closed
2025-03-18 08:37:36.701 [main] INFO  cn.ace.xiaohashu.auth.RedisTests - Starting RedisTests using Java 17.0.12 with PID 21016 (started by 89504 in E:\programming_projects\xiaohashu\xiaohashu-auth)
2025-03-18 08:37:37.265 [main] INFO  cn.ace.xiaohashu.auth.RedisTests - The following 1 profile is active: "dev"
2025-03-18 08:37:37.870 [main] INFO  o.s.d.r.config.RepositoryConfigurationDelegate - Multiple Spring Data modules found, entering strict repository configuration mode
2025-03-18 08:37:37.874 [main] INFO  o.s.d.r.config.RepositoryConfigurationDelegate - Bootstrapping Spring Data Redis repositories in DEFAULT mode.
2025-03-18 08:37:37.910 [main] INFO  o.s.d.r.config.RepositoryConfigurationDelegate - Finished Spring Data repository scanning in 12 ms. Found 0 Redis repository interfaces.
2025-03-18 08:37:39.219 [main] INFO  c.a.d.s.b.a.DruidDataSourceAutoConfigure - Init DruidDataSource
2025-03-18 08:37:39.679 [main] INFO  com.alibaba.druid.pool.DruidDataSource - {dataSource-1} inited
2025-03-18 08:37:40.073 [main] INFO  cn.ace.xiaohashu.auth.RedisTests - Started RedisTests in 3.742 seconds (process running for 4.76)
2025-03-18 08:37:40.984 [SpringApplicationShutdownHook] INFO  com.alibaba.druid.pool.DruidDataSource - {dataSource-1} closing ...
2025-03-18 08:37:40.991 [SpringApplicationShutdownHook] INFO  com.alibaba.druid.pool.DruidDataSource - {dataSource-1} closed
2025-03-18 09:34:40.235 [main] INFO  cn.ace.xiaohashu.auth.ThreadPoolTaskExecutorTests - Starting ThreadPoolTaskExecutorTests using Java 17.0.12 with PID 12428 (started by 89504 in E:\programming_projects\xiaohashu\xiaohashu-auth)
2025-03-18 09:34:40.411 [main] INFO  cn.ace.xiaohashu.auth.ThreadPoolTaskExecutorTests - The following 1 profile is active: "dev"
2025-03-18 09:34:41.011 [main] INFO  o.s.d.r.config.RepositoryConfigurationDelegate - Multiple Spring Data modules found, entering strict repository configuration mode
2025-03-18 09:34:41.015 [main] INFO  o.s.d.r.config.RepositoryConfigurationDelegate - Bootstrapping Spring Data Redis repositories in DEFAULT mode.
2025-03-18 09:34:41.056 [main] INFO  o.s.d.r.config.RepositoryConfigurationDelegate - Finished Spring Data repository scanning in 15 ms. Found 0 Redis repository interfaces.
2025-03-18 09:34:42.423 [main] INFO  c.a.d.s.b.a.DruidDataSourceAutoConfigure - Init DruidDataSource
2025-03-18 09:34:42.835 [main] INFO  com.alibaba.druid.pool.DruidDataSource - {dataSource-1} inited
2025-03-18 09:34:43.236 [main] INFO  cn.ace.xiaohashu.auth.ThreadPoolTaskExecutorTests - Started ThreadPoolTaskExecutorTests in 3.357 seconds (process running for 4.316)
2025-03-18 09:34:43.718 [AuthExecutor-1] INFO  cn.ace.xiaohashu.auth.ThreadPoolTaskExecutorTests - 异步线程中。。。。。。。。
2025-03-18 09:34:43.735 [SpringApplicationShutdownHook] INFO  com.alibaba.druid.pool.DruidDataSource - {dataSource-1} closing ...
2025-03-18 09:34:43.743 [SpringApplicationShutdownHook] INFO  com.alibaba.druid.pool.DruidDataSource - {dataSource-1} closed
2025-03-18 09:47:30.168 [main] INFO  cn.ace.xiaohashu.auth.ThreadPoolTaskExecutorTests - Starting ThreadPoolTaskExecutorTests using Java 17.0.12 with PID 20988 (started by 89504 in E:\programming_projects\xiaohashu\xiaohashu-auth)
2025-03-18 09:47:30.173 [main] INFO  cn.ace.xiaohashu.auth.ThreadPoolTaskExecutorTests - The following 1 profile is active: "dev"
2025-03-18 09:47:30.855 [main] INFO  o.s.d.r.config.RepositoryConfigurationDelegate - Multiple Spring Data modules found, entering strict repository configuration mode
2025-03-18 09:47:30.858 [main] INFO  o.s.d.r.config.RepositoryConfigurationDelegate - Bootstrapping Spring Data Redis repositories in DEFAULT mode.
2025-03-18 09:47:30.900 [main] INFO  o.s.d.r.config.RepositoryConfigurationDelegate - Finished Spring Data repository scanning in 13 ms. Found 0 Redis repository interfaces.
2025-03-18 09:47:32.375 [main] INFO  c.a.d.s.b.a.DruidDataSourceAutoConfigure - Init DruidDataSource
2025-03-18 09:47:32.992 [main] INFO  com.alibaba.druid.pool.DruidDataSource - {dataSource-1} inited
2025-03-18 09:47:33.498 [main] INFO  cn.ace.xiaohashu.auth.ThreadPoolTaskExecutorTests - Started ThreadPoolTaskExecutorTests in 3.723 seconds (process running for 4.713)
2025-03-18 09:47:34.150 [AuthExecutor-1] INFO  cn.ace.xiaohashu.auth.ThreadPoolTaskExecutorTests - 异步线程中。。。。。。。。
2025-03-18 09:47:34.180 [SpringApplicationShutdownHook] INFO  com.alibaba.druid.pool.DruidDataSource - {dataSource-1} closing ...
2025-03-18 09:47:34.193 [SpringApplicationShutdownHook] INFO  com.alibaba.druid.pool.DruidDataSource - {dataSource-1} closed
